Maximum e- energy set from file (keV) = 1800

Rotation matrix for sample holder (defined by angles theta and phi):
1 0 0
0 1 0
0 0 1


Event Number: 500
Count in energy window 0 = 0 keV to 1801 keV
DetSegm      Total e-    Dir e-   Tube e-   Back e-  BackFrac  CorrFact
Full det           0         0         0         0   0.000000  0.000000
3x3 pix            0         0         0         0   0.000000  0.000000
1x1 pix            0         0         0         0   0.000000  0.000000
Count in energy window 1 = 1000 keV to 1800 keV
DetSegm      Total e-    Dir e-   Tube e-   Back e-  BackFrac  CorrFact
Full det           0         0         0         0   0.000000  0.000000
3x3 pix            0         0         0         0   0.000000  0.000000
1x1 pix            0         0         0         0   0.000000  0.000000
Count in energy window 2 = 2 keV to 1000 keV
DetSegm      Total e-    Dir e-   Tube e-   Back e-  BackFrac  CorrFact
Full det           0         0         0         0   0.000000  0.000000
3x3 pix            0         0         0         0   0.000000  0.000000
1x1 pix            0         0         0         0   0.000000  0.000000

Event Number: 1000
Count in energy window 0 = 0 keV to 1801 keV
DetSegm      Total e-    Dir e-   Tube e-   Back e-  BackFrac  CorrFact
Full det           0         0         0         0   0.000000  0.000000
3x3 pix            0         0         0         0   0.000000  0.000000
1x1 pix            0         0         0         0   0.000000  0.000000
Count in energy window 1 = 1000 keV to 1800 keV
DetSegm      Total e-    Dir e-   Tube e-   Back e-  BackFrac  CorrFact
Full det           0         0         0         0   0.000000  0.000000
3x3 pix            0         0         0         0   0.000000  0.000000
1x1 pix            0         0         0         0   0.000000  0.000000
Count in energy window 2 = 2 keV to 1000 keV
DetSegm      Total e-    Dir e-   Tube e-   Back e-  BackFrac  CorrFact
Full det           0         0         0         0   0.000000  0.000000
3x3 pix            0         0         0         0   0.000000  0.000000
1x1 pix            0         0         0         0   0.000000  0.000000

Event Number: 1500
Count in energy window 0 = 0 keV to 1801 keV
DetSegm      Total e-    Dir e-   Tube e-   Back e-  BackFrac  CorrFact
Full det           1         0         1         0   1.000000  0.000000
3x3 pix            0         0         0         0   0.000000  0.000000
1x1 pix            0         0         0         0   0.000000  0.000000
Count in energy window 1 = 1000 keV to 1800 keV
DetSegm      Total e-    Dir e-   Tube e-   Back e-  BackFrac  CorrFact
Full det           0         0         0         0   0.000000  0.000000
3x3 pix            0         0         0         0   0.000000  0.000000
1x1 pix            0         0         0         0   0.000000  0.000000
Count in energy window 2 = 2 keV to 1000 keV
DetSegm      Total e-    Dir e-   Tube e-   Back e-  BackFrac  CorrFact
Full det           1         0         1         0   1.000000  0.000000
3x3 pix            0         0         0         0   0.000000  0.000000
1x1 pix            0         0         0         0   0.000000  0.000000

At end of Run
Count in energy window 0 = 0 keV to 1801 keV
DetSegm      Total e-    Dir e-   Tube e-   Back e-  BackFrac  CorrFact
Full det           1         0         1         0   1.000000  0.000000
3x3 pix            0         0         0         0   0.000000  0.000000
1x1 pix            0         0         0         0   0.000000  0.000000
Count in energy window 1 = 1000 keV to 1800 keV
DetSegm      Total e-    Dir e-   Tube e-   Back e-  BackFrac  CorrFact
Full det           0         0         0         0   0.000000  0.000000
3x3 pix            0         0         0         0   0.000000  0.000000
1x1 pix            0         0         0         0   0.000000  0.000000
Count in energy window 2 = 2 keV to 1000 keV
DetSegm      Total e-    Dir e-   Tube e-   Back e-  BackFrac  CorrFact
Full det           1         0         1         0   1.000000  0.000000
3x3 pix            0         0         0         0   0.000000  0.000000
1x1 pix            0         0         0         0   0.000000  0.000000
