Maximum e- energy set from file (keV) = 1800

Rotation matrix for sample holder (defined by angles theta and phi):
1 0 0
0 1 0
0 0 1


Event Number: 50000
Count in energy window 0 = 0 keV to 1801 keV
DetSegm      Total e-    Dir e-   Tube e-   Back e-  BackFrac  CorrFact
Full det          73        39        26        15   0.465753  1.871795
3x3 pix            2         0         2         1   1.000000  0.000000
1x1 pix            1         0         1         1   1.000000  0.000000
Count in energy window 1 = 1000 keV to 1800 keV
DetSegm      Total e-    Dir e-   Tube e-   Back e-  BackFrac  CorrFact
Full det           0         0         0         0   0.000000  0.000000
3x3 pix            0         0         0         0   0.000000  0.000000
1x1 pix            0         0         0         0   0.000000  0.000000
Count in energy window 2 = 2 keV to 1000 keV
DetSegm      Total e-    Dir e-   Tube e-   Back e-  BackFrac  CorrFact
Full det          72        39        25        14   0.458333  1.846154
3x3 pix            2         0         2         1   1.000000  0.000000
1x1 pix            1         0         1         1   1.000000  0.000000

Event Number: 100000
Count in energy window 0 = 0 keV to 1801 keV
DetSegm      Total e-    Dir e-   Tube e-   Back e-  BackFrac  CorrFact
Full det         161        80        70        30   0.503106  2.012500
3x3 pix            3         0         3         1   1.000000  0.000000
1x1 pix            1         0         1         1   1.000000  0.000000
Count in energy window 1 = 1000 keV to 1800 keV
DetSegm      Total e-    Dir e-   Tube e-   Back e-  BackFrac  CorrFact
Full det           0         0         0         0   0.000000  0.000000
3x3 pix            0         0         0         0   0.000000  0.000000
1x1 pix            0         0         0         0   0.000000  0.000000
Count in energy window 2 = 2 keV to 1000 keV
DetSegm      Total e-    Dir e-   Tube e-   Back e-  BackFrac  CorrFact
Full det         160        80        69        29   0.500000  2.000000
3x3 pix            3         0         3         1   1.000000  0.000000
1x1 pix            1         0         1         1   1.000000  0.000000

Event Number: 150000
Count in energy window 0 = 0 keV to 1801 keV
DetSegm      Total e-    Dir e-   Tube e-   Back e-  BackFrac  CorrFact
Full det         250       116       109        56   0.536000  2.155172
3x3 pix            3         0         3         1   1.000000  0.000000
1x1 pix            1         0         1         1   1.000000  0.000000
Count in energy window 1 = 1000 keV to 1800 keV
DetSegm      Total e-    Dir e-   Tube e-   Back e-  BackFrac  CorrFact
Full det           0         0         0         0   0.000000  0.000000
3x3 pix            0         0         0         0   0.000000  0.000000
1x1 pix            0         0         0         0   0.000000  0.000000
Count in energy window 2 = 2 keV to 1000 keV
DetSegm      Total e-    Dir e-   Tube e-   Back e-  BackFrac  CorrFact
Full det         249       116       108        55   0.534137  2.146552
3x3 pix            3         0         3         1   1.000000  0.000000
1x1 pix            1         0         1         1   1.000000  0.000000

At end of Run
Count in energy window 0 = 0 keV to 1801 keV
DetSegm      Total e-    Dir e-   Tube e-   Back e-  BackFrac  CorrFact
Full det         329       149       145        71   0.547112  2.208054
3x3 pix            4         1         3         1   0.750000  4.000000
1x1 pix            1         0         1         1   1.000000  0.000000
Count in energy window 1 = 1000 keV to 1800 keV
DetSegm      Total e-    Dir e-   Tube e-   Back e-  BackFrac  CorrFact
Full det           0         0         0         0   0.000000  0.000000
3x3 pix            0         0         0         0   0.000000  0.000000
1x1 pix            0         0         0         0   0.000000  0.000000
Count in energy window 2 = 2 keV to 1000 keV
DetSegm      Total e-    Dir e-   Tube e-   Back e-  BackFrac  CorrFact
Full det         328       149       144        70   0.545732  2.201342
3x3 pix            4         1         3         1   0.750000  4.000000
1x1 pix            1         0         1         1   1.000000  0.000000
